// Vitest Snapshot v1, https://vitest.dev/guide/snapshot.html

exports[`Post.vue > matches the snapshot 1`] = `
"<div class="posts">
  <h1>Posts</h1>
  <ul>
    <li></li>
    <li></li>
    <li></li>
    <li></li>
  </ul>
</div>"
`;
